
> react-example@0.0.0 build
> vite build && esbuild server.ts --bundle --platform=node --target=node20 --outfile=dist/server.cjs --format=cjs --external:express --external:cors --external:body-parser --external:firebase-admin

[36mvite v6.4.1 [32mbuilding for production...[36m[39m
transforming...
node.exe : [33m[plugin vite:esbuild] src/App.tsx: [33mDuplicate key 
"minHeight" in object literal[33m
At line:1 char:1
+ & "C:\Program Files\nodejs/node.exe" "C:\Program Files\nodejs/node_mo ...
+ ~~~~~~~~~~~~~~~~~~~~~~~~~~~~~~~~~~~~~~~~~~~~~~~~~~~~~~~~~~~~~~~~~~~~~
    + CategoryInfo          : NotSpecified: ([33m[plugin vi...ct literal[33m 
   :String) [], RemoteException
    + FullyQualifiedErrorId : NativeCommandError
 
87 |    return (
88 |      <Router>
89 |        <div className="min-h-screen flex flex-col bg-brand-bg 
dark:bg-dark-bg transition-colors duration-300 overflow-x-hidden" style={{ 
minHeight: '100dvh', minHeight: '100svh' }}>
   |                                                                           
                                                                               
     ^
90 |          {/* Offline Banner */}
91 |          {!firestoreLoading && !connected && (
[39m
[33m[plugin vite:esbuild] src/App.tsx: [33mDuplicate key "minHeight" in 
object literal[33m
191|  
192|    return (
193|        <div className="flex min-h-screen bg-brand-bg dark:bg-dark-bg" 
style={{ minHeight: '100dvh', minHeight: '100svh' }}>
   |                                                                           
                          ^
194|        <DesktopSidebar />
195|        <div className="flex-1 flex flex-col min-w-0" style={{ height: 
'100dvh', height: '100svh' }}>
[39m
[33m[plugin vite:esbuild] src/App.tsx: [33mDuplicate key "height" in object 
literal[33m
193|        <div className="flex min-h-screen bg-brand-bg dark:bg-dark-bg" 
style={{ minHeight: '100dvh', minHeight: '100svh' }}>
194|        <DesktopSidebar />
195|        <div className="flex-1 flex flex-col min-w-0" style={{ height: 
'100dvh', height: '100svh' }}>
   |                                                                           
      ^
196|          <Header />
197|          <main className="flex-1 overflow-y-auto overflow-x-hidden 
no-scrollbar" style={{ paddingTop: 'calc(3.5rem + env(safe-area-inset-top))', 
paddingBottom: 'calc(5.5rem + env(safe-area-inset-bottom))' }}>
[39m
[32mΓ£ô[39m 3144 modules transformed.
[33m[plugin vite:reporter] 
(!) F:/Manaintibojanam_final2/node_modules/firebase/firestore/dist/esm/index.es
m.js is dynamically imported by 
F:/Manaintibojanam_final2/src/pages/Checkout.tsx, 
F:/Manaintibojanam_final2/src/pages/Checkout.tsx, 
F:/Manaintibojanam_final2/src/pages/Checkout.tsx but also statically imported 
by F:/Manaintibojanam_final2/src/components/OrderTracking.tsx, 
F:/Manaintibojanam_final2/src/context/AuthContext.tsx, 
F:/Manaintibojanam_final2/src/firebase.ts, 
F:/Manaintibojanam_final2/src/pages/Addresses.tsx, 
F:/Manaintibojanam_final2/src/pages/AdminPanel.tsx, 
F:/Manaintibojanam_final2/src/pages/Checkout.tsx, 
F:/Manaintibojanam_final2/src/pages/Home.tsx, 
F:/Manaintibojanam_final2/src/pages/Menu.tsx, 
F:/Manaintibojanam_final2/src/pages/MyOrders.tsx, 
F:/Manaintibojanam_final2/src/services/api.ts, dynamic import will not move 
module into another chunk.
[39m
rendering chunks...
computing gzip size...
[2mdist/[22m[32mindex.html                 [39m[1m[2m    3.76 kB[22m[1m[22m[2m Γöé gzip:   1.31 kB[22m
[2mdist/[22m[32massets/logo-CHjK2wwr.png   [39m[1m[2m  233.33 kB[22m[1m[22m
[2mdist/[22m[35massets/style-B0yy-IU_.css  [39m[1m[2m  103.31 kB[22m[1m[22m[2m Γöé gzip:  15.28 kB[22m
[2mdist/[22m[36massets/index-tRU6atRk.js   [39m[1m[33m2,080.77 kB[39m[22m[2m Γöé gzip: 576.07 kB[22m
[33m
(!) Some chunks are larger than 500 kB after minification. Consider:
- Using dynamic import() to code-split the application
- Use build.rollupOptions.output.manualChunks to improve chunking: 
https://rollupjs.org/configuration-options/#output-manualchunks
- Adjust chunk size limit for this warning via 
build.chunkSizeWarningLimit.[39m
[32mΓ£ô built in 25.10s[39m
Γû▓ [WARNING] "esbuild" should be marked as external for use with 
"require.resolve" [require-resolve-not-external]

    node_modules/vite/node_modules/esbuild/lib/main.js:1656:36:
      1656 Γöé   const libMainJS = require.resolve("esbuild");
           Γò╡                                     ~~~~~~~~~

Γû▓ [WARNING] The glob pattern require("../lightningcss.*.node") did not match 
any files [empty-glob]

    node_modules/lightningcss/node/index.js:20:19:
      20 Γöé   native = require(`../lightningcss.${parts.join('-')}.node`);
         Γò╡                    ~~~~~~~~~~~~~~~~~~~~~~~~~~~~~~~~~~~~~~~~~

Γû▓ [WARNING] "esbuild" should be marked as external for use with 
"require.resolve" [require-resolve-not-external]

    node_modules/tsx/node_modules/esbuild/lib/main.js:1946:36:
      1946 Γöé   const libMainJS = require.resolve("esbuild");
           Γò╡                                     ~~~~~~~~~

3 warnings

  dist\server.cjs  6.8mb

Done in 274ms
