
> react-example@0.0.0 build
> vite build && esbuild server.ts --bundle --platform=node --target=node20 --outfile=dist/server.cjs --format=cjs --external:express --external:cors --external:body-parser --external:firebase-admin

[36mvite v6.4.1 [32mbuilding for production...[36m[39m
transforming...
[32mΓ£ô[39m 3144 modules transformed.
node.exe : [33m[plugin vite:reporter] 
At line:1 char:1
+ & "C:\Program Files\nodejs/node.exe" "C:\Program Files\nodejs/node_mo ...
+ ~~~~~~~~~~~~~~~~~~~~~~~~~~~~~~~~~~~~~~~~~~~~~~~~~~~~~~~~~~~~~~~~~~~~~
    + CategoryInfo          : NotSpecified: ([33m[plugin vite:reporter] :Stri 
   ng) [], RemoteException
    + FullyQualifiedErrorId : NativeCommandError
 
(!) F:/Manaintibojanam_final2/node_modules/firebase/firestore/dist/esm/index.es
m.js is dynamically imported by 
F:/Manaintibojanam_final2/src/pages/Checkout.tsx, 
F:/Manaintibojanam_final2/src/pages/Checkout.tsx, 
F:/Manaintibojanam_final2/src/pages/Checkout.tsx but also statically imported 
by F:/Manaintibojanam_final2/src/components/OrderTracking.tsx, 
F:/Manaintibojanam_final2/src/context/AuthContext.tsx, 
F:/Manaintibojanam_final2/src/firebase.ts, 
F:/Manaintibojanam_final2/src/pages/Addresses.tsx, 
F:/Manaintibojanam_final2/src/pages/AdminPanel.tsx, 
F:/Manaintibojanam_final2/src/pages/Checkout.tsx, 
F:/Manaintibojanam_final2/src/pages/Home.tsx, 
F:/Manaintibojanam_final2/src/pages/Menu.tsx, 
F:/Manaintibojanam_final2/src/pages/MyOrders.tsx, 
F:/Manaintibojanam_final2/src/services/api.ts, dynamic import will not move 
module into another chunk.
[39m
rendering chunks...
computing gzip size...
[2mdist/[22m[32mindex.html                 [39m[1m[2m    3.80 kB[22m[1m[22m[2m Γöé gzip:   1.33 kB[22m
[2mdist/[22m[32massets/logo-CHjK2wwr.png   [39m[1m[2m  233.33 kB[22m[1m[22m
[2mdist/[22m[35massets/style-Bc5SeiLf.css  [39m[1m[2m  112.83 kB[22m[1m[22m[2m Γöé gzip:  16.28 kB[22m
[2mdist/[22m[36massets/index-CpikPlO-.js   [39m[1m[33m2,085.17 kB[39m[22m[2m Γöé gzip: 577.30 kB[22m
[33m
(!) Some chunks are larger than 500 kB after minification. Consider:
- Using dynamic import() to code-split the application
- Use build.rollupOptions.output.manualChunks to improve chunking: 
https://rollupjs.org/configuration-options/#output-manualchunks
- Adjust chunk size limit for this warning via 
build.chunkSizeWarningLimit.[39m
[32mΓ£ô built in 29.66s[39m
Γû▓ [WARNING] "esbuild" should be marked as external for use with 
"require.resolve" [require-resolve-not-external]

    node_modules/vite/node_modules/esbuild/lib/main.js:1656:36:
      1656 Γöé   const libMainJS = require.resolve("esbuild");
           Γò╡                                     ~~~~~~~~~

Γû▓ [WARNING] The glob pattern require("../lightningcss.*.node") did not match 
any files [empty-glob]

    node_modules/lightningcss/node/index.js:20:19:
      20 Γöé   native = require(`../lightningcss.${parts.join('-')}.node`);
         Γò╡                    ~~~~~~~~~~~~~~~~~~~~~~~~~~~~~~~~~~~~~~~~~

Γû▓ [WARNING] "esbuild" should be marked as external for use with 
"require.resolve" [require-resolve-not-external]

    node_modules/tsx/node_modules/esbuild/lib/main.js:1946:36:
      1946 Γöé   const libMainJS = require.resolve("esbuild");
           Γò╡                                     ~~~~~~~~~

3 warnings

  dist\server.cjs  6.8mb

Done in 347ms
